Flow report for de10_standard
Wed Aug 26 13:30:12 2026
Quartus Prime Version 25.1std.0 Build 1129 10/21/2025 SC Lite Edition


---------------------
; Table of Contents ;
---------------------
  1. Legal Notice
  2. Flow Summary
  3. Flow Settings
  4. Flow Non-Default Global Settings
  5. Flow Elapsed Time
  6. Flow OS Summary
  7. Flow Log
  8. Flow Messages
  9. Flow Suppressed Messages



----------------
; Legal Notice ;
----------------
Copyright (C) 2025  Altera Corporation. All rights reserved.
Your use of Altera Corporation's design tools, logic functions 
and other software and tools, and any partner logic 
functions, and any output files from any of the foregoing 
(including device programming or simulation files), and any 
associated documentation or information are expressly subject 
to the terms and conditions of the Altera Program License 
Subscription Agreement, the Altera Quartus Prime License Agreement,
the Altera IP License Agreement, or other applicable license
agreement, including, without limitation, that your use is for
the sole purpose of programming logic devices manufactured by
Altera and sold by Altera or its authorized distributors.  Please
refer to the Altera Software License Subscription Agreements 
on the Quartus Prime software download page.



+-----------------------------------------------------------------------------------+
; Flow Summary                                                                      ;
+---------------------------------+-------------------------------------------------+
; Flow Status                     ; Successful - Wed Aug 26 13:30:12 2026           ;
; Quartus Prime Version           ; 25.1std.0 Build 1129 10/21/2025 SC Lite Edition ;
; Revision Name                   ; de10_standard                                   ;
; Top-level Entity Name           ; de10_standard                                   ;
; Family                          ; Cyclone V                                       ;
; Device                          ; 5CSXFC6D6F31C6                                  ;
; Timing Models                   ; Final                                           ;
; Logic utilization (in ALMs)     ; 12,907 / 41,910 ( 31 % )                        ;
; Total registers                 ; 19360                                           ;
; Total pins                      ; 15 / 499 ( 3 % )                                ;
; Total virtual pins              ; 0                                               ;
; Total block memory bits         ; 0 / 5,662,720 ( 0 % )                           ;
; Total DSP Blocks                ; 0 / 112 ( 0 % )                                 ;
; Total HSSI RX PCSs              ; 0 / 9 ( 0 % )                                   ;
; Total HSSI PMA RX Deserializers ; 0 / 9 ( 0 % )                                   ;
; Total HSSI TX PCSs              ; 0 / 9 ( 0 % )                                   ;
; Total HSSI PMA TX Serializers   ; 0 / 9 ( 0 % )                                   ;
; Total PLLs                      ; 0 / 15 ( 0 % )                                  ;
; Total DLLs                      ; 0 / 4 ( 0 % )                                   ;
+---------------------------------+-------------------------------------------------+


+-----------------------------------------+
; Flow Settings                           ;
+-------------------+---------------------+
; Option            ; Setting             ;
+-------------------+---------------------+
; Start date & time ; 08/26/2026 13:13:38 ;
; Main task         ; Compilation         ;
; Revision Name     ; de10_standard       ;
+-------------------+---------------------+


+----------------------------------------------------------------------------------------------------------------------------------------------------+
; Flow Non-Default Global Settings                                                                                                                   ;
+-----------------------------------------+----------------------------------------+---------------+-------------+-----------------------------------+
; Assignment Name                         ; Value                                  ; Default Value ; Entity Name ; Section Id                        ;
+-----------------------------------------+----------------------------------------+---------------+-------------+-----------------------------------+
; ALM_REGISTER_PACKING_EFFORT             ; High                                   ; Medium        ; --          ; --                                ;
; COMPILER_SIGNATURE_ID                   ; 40081177067859.178772481810164         ; --            ; --          ; --                                ;
; EDA_GENERATE_FUNCTIONAL_NETLIST         ; Off                                    ; --            ; --          ; eda_board_design_timing           ;
; EDA_GENERATE_FUNCTIONAL_NETLIST         ; Off                                    ; --            ; --          ; eda_board_design_boundary_scan    ;
; EDA_GENERATE_FUNCTIONAL_NETLIST         ; Off                                    ; --            ; --          ; eda_board_design_signal_integrity ;
; EDA_GENERATE_FUNCTIONAL_NETLIST         ; Off                                    ; --            ; --          ; eda_board_design_boundary_scanset ;
; EDA_GENERATE_FUNCTIONAL_NETLIST         ; Off                                    ; --            ; --          ; eda_board_design_symbol           ;
; EDA_OUTPUT_DATA_FORMAT                  ; Systemverilog Hdl                      ; --            ; --          ; eda_simulation                    ;
; EDA_RUN_TOOL_AUTOMATICALLY              ; On                                     ; --            ; --          ; eda_simulation                    ;
; EDA_SIMULATION_TOOL                     ; Questa Altera FPGA (SystemVerilog)     ; <None>        ; --          ; --                                ;
; EDA_TIME_SCALE                          ; 1 ps                                   ; --            ; --          ; eda_simulation                    ;
; MAX_CORE_JUNCTION_TEMP                  ; 85                                     ; --            ; --          ; --                                ;
; MIN_CORE_JUNCTION_TEMP                  ; 0                                      ; --            ; --          ; --                                ;
; OPTIMIZATION_MODE                       ; Aggressive Area                        ; Balanced      ; --          ; --                                ;
; OPTIMIZATION_TECHNIQUE                  ; Area                                   ; Balanced      ; --          ; --                                ;
; PARTITION_COLOR                         ; -- (Not supported for targeted family) ; --            ; --          ; Top                               ;
; PARTITION_FITTER_PRESERVATION_LEVEL     ; -- (Not supported for targeted family) ; --            ; --          ; Top                               ;
; PARTITION_NETLIST_TYPE                  ; -- (Not supported for targeted family) ; --            ; --          ; Top                               ;
; PHYSICAL_SYNTHESIS_COMBO_LOGIC_FOR_AREA ; On                                     ; Off           ; --          ; --                                ;
; POWER_BOARD_THERMAL_MODEL               ; None (CONSERVATIVE)                    ; --            ; --          ; --                                ;
; POWER_PRESET_COOLING_SOLUTION           ; 23 MM HEAT SINK WITH 200 LFPM AIRFLOW  ; --            ; --          ; --                                ;
; PROJECT_OUTPUT_DIRECTORY                ; output_files                           ; --            ; --          ; --                                ;
+-----------------------------------------+----------------------------------------+---------------+-------------+-----------------------------------+


+--------------------------------------------------------------------------------------------------------------------------+
; Flow Elapsed Time                                                                                                        ;
+----------------------+--------------+-------------------------+---------------------+------------------------------------+
; Module Name          ; Elapsed Time ; Average Processors Used ; Peak Virtual Memory ; Total CPU Time (on all processors) ;
+----------------------+--------------+-------------------------+---------------------+------------------------------------+
; Analysis & Synthesis ; 00:00:50     ; 1.7                     ; 5076 MB             ; 00:01:25                           ;
; Fitter               ; 00:13:34     ; 1.1                     ; 6862 MB             ; 00:24:02                           ;
; Assembler            ; 00:00:24     ; 1.0                     ; 5078 MB             ; 00:00:19                           ;
; Timing Analyzer      ; 00:01:22     ; 2.1                     ; 5650 MB             ; 00:02:34                           ;
; EDA Netlist Writer   ; 00:00:08     ; 1.0                     ; 4962 MB             ; 00:00:08                           ;
; Total                ; 00:16:18     ; --                      ; --                  ; 00:28:28                           ;
+----------------------+--------------+-------------------------+---------------------+------------------------------------+


+------------------------------------------------------------------------------------+
; Flow OS Summary                                                                    ;
+----------------------+------------------+------------+------------+----------------+
; Module Name          ; Machine Hostname ; OS Name    ; OS Version ; Processor type ;
+----------------------+------------------+------------+------------+----------------+
; Analysis & Synthesis ; DESKTOP-H5URSKS  ; Windows 10 ; 10.0       ; x86_64         ;
; Fitter               ; DESKTOP-H5URSKS  ; Windows 10 ; 10.0       ; x86_64         ;
; Assembler            ; DESKTOP-H5URSKS  ; Windows 10 ; 10.0       ; x86_64         ;
; Timing Analyzer      ; DESKTOP-H5URSKS  ; Windows 10 ; 10.0       ; x86_64         ;
; EDA Netlist Writer   ; DESKTOP-H5URSKS  ; Windows 10 ; 10.0       ; x86_64         ;
+----------------------+------------------+------------+------------+----------------+


------------
; Flow Log ;
------------
quartus_map --read_settings_files=on --write_settings_files=off de10_standard -c de10_standard
quartus_fit --read_settings_files=off --write_settings_files=off de10_standard -c de10_standard
quartus_asm --read_settings_files=off --write_settings_files=off de10_standard -c de10_standard
quartus_sta de10_standard -c de10_standard
quartus_eda --read_settings_files=off --write_settings_files=off de10_standard -c de10_standard



