------------------------------------------------------------
Timing Analyzer Summary
------------------------------------------------------------

Type  : Slow 1100mV 85C Model Setup 'CLOCK_50'
Slack : -21.406
TNS   : -136985.485

Type  : Slow 1100mV 85C Model Setup 'soc:u_soc|axi_slave_top:crypto_accelerator|axi_slave_core:u_core|ro_puf_core:u_puf|measurement_engine:u_measurement_engine|measurement_controller:u_controller|current_state.ST_MEASURE'
Slack : -3.051
TNS   : -4146.763

Type  : Slow 1100mV 85C Model Hold 'CLOCK_50'
Slack : 0.220
TNS   : 0.000

Type  : Slow 1100mV 85C Model Hold 'soc:u_soc|axi_slave_top:crypto_accelerator|axi_slave_core:u_core|ro_puf_core:u_puf|measurement_engine:u_measurement_engine|measurement_controller:u_controller|current_state.ST_MEASURE'
Slack : 0.292
TNS   : 0.000

Type  : Slow 1100mV 85C Model Recovery 'soc:u_soc|axi_slave_top:crypto_accelerator|axi_slave_core:u_core|ro_puf_core:u_puf|measurement_engine:u_measurement_engine|measurement_controller:u_controller|current_state.ST_MEASURE'
Slack : -3.733
TNS   : -6434.687

Type  : Slow 1100mV 85C Model Removal 'soc:u_soc|axi_slave_top:crypto_accelerator|axi_slave_core:u_core|ro_puf_core:u_puf|measurement_engine:u_measurement_engine|measurement_controller:u_controller|current_state.ST_MEASURE'
Slack : 1.840
TNS   : 0.000

Type  : Slow 1100mV 85C Model Minimum Pulse Width 'soc:u_soc|axi_slave_top:crypto_accelerator|axi_slave_core:u_core|ro_puf_core:u_puf|measurement_engine:u_measurement_engine|measurement_controller:u_controller|current_state.ST_MEASURE'
Slack : -0.605
TNS   : -1166.634

Type  : Slow 1100mV 85C Model Minimum Pulse Width 'CLOCK_50'
Slack : -0.394
TNS   : -9274.409

Type  : Slow 1100mV 0C Model Setup 'CLOCK_50'
Slack : -21.123
TNS   : -131534.258

Type  : Slow 1100mV 0C Model Setup 'soc:u_soc|axi_slave_top:crypto_accelerator|axi_slave_core:u_core|ro_puf_core:u_puf|measurement_engine:u_measurement_engine|measurement_controller:u_controller|current_state.ST_MEASURE'
Slack : -2.997
TNS   : -4165.860

Type  : Slow 1100mV 0C Model Hold 'CLOCK_50'
Slack : 0.069
TNS   : 0.000

Type  : Slow 1100mV 0C Model Hold 'soc:u_soc|axi_slave_top:crypto_accelerator|axi_slave_core:u_core|ro_puf_core:u_puf|measurement_engine:u_measurement_engine|measurement_controller:u_controller|current_state.ST_MEASURE'
Slack : 0.293
TNS   : 0.000

Type  : Slow 1100mV 0C Model Recovery 'soc:u_soc|axi_slave_top:crypto_accelerator|axi_slave_core:u_core|ro_puf_core:u_puf|measurement_engine:u_measurement_engine|measurement_controller:u_controller|current_state.ST_MEASURE'
Slack : -3.839
TNS   : -6661.467

Type  : Slow 1100mV 0C Model Removal 'soc:u_soc|axi_slave_top:crypto_accelerator|axi_slave_core:u_core|ro_puf_core:u_puf|measurement_engine:u_measurement_engine|measurement_controller:u_controller|current_state.ST_MEASURE'
Slack : 1.998
TNS   : 0.000

Type  : Slow 1100mV 0C Model Minimum Pulse Width 'soc:u_soc|axi_slave_top:crypto_accelerator|axi_slave_core:u_core|ro_puf_core:u_puf|measurement_engine:u_measurement_engine|measurement_controller:u_controller|current_state.ST_MEASURE'
Slack : -0.621
TNS   : -1163.223

Type  : Slow 1100mV 0C Model Minimum Pulse Width 'CLOCK_50'
Slack : -0.394
TNS   : -10045.927

Type  : Fast 1100mV 85C Model Setup 'CLOCK_50'
Slack : -12.448
TNS   : -83519.562

Type  : Fast 1100mV 85C Model Setup 'soc:u_soc|axi_slave_top:crypto_accelerator|axi_slave_core:u_core|ro_puf_core:u_puf|measurement_engine:u_measurement_engine|measurement_controller:u_controller|current_state.ST_MEASURE'
Slack : -1.587
TNS   : -1902.539

Type  : Fast 1100mV 85C Model Hold 'soc:u_soc|axi_slave_top:crypto_accelerator|axi_slave_core:u_core|ro_puf_core:u_puf|measurement_engine:u_measurement_engine|measurement_controller:u_controller|current_state.ST_MEASURE'
Slack : 0.096
TNS   : 0.000

Type  : Fast 1100mV 85C Model Hold 'CLOCK_50'
Slack : 0.130
TNS   : 0.000

Type  : Fast 1100mV 85C Model Recovery 'soc:u_soc|axi_slave_top:crypto_accelerator|axi_slave_core:u_core|ro_puf_core:u_puf|measurement_engine:u_measurement_engine|measurement_controller:u_controller|current_state.ST_MEASURE'
Slack : -1.995
TNS   : -3283.028

Type  : Fast 1100mV 85C Model Removal 'soc:u_soc|axi_slave_top:crypto_accelerator|axi_slave_core:u_core|ro_puf_core:u_puf|measurement_engine:u_measurement_engine|measurement_controller:u_controller|current_state.ST_MEASURE'
Slack : 0.921
TNS   : 0.000

Type  : Fast 1100mV 85C Model Minimum Pulse Width 'soc:u_soc|axi_slave_top:crypto_accelerator|axi_slave_core:u_core|ro_puf_core:u_puf|measurement_engine:u_measurement_engine|measurement_controller:u_controller|current_state.ST_MEASURE'
Slack : -0.280
TNS   : -21.778

Type  : Fast 1100mV 85C Model Minimum Pulse Width 'CLOCK_50'
Slack : -0.087
TNS   : -1323.534

Type  : Fast 1100mV 0C Model Setup 'CLOCK_50'
Slack : -11.197
TNS   : -71940.062

Type  : Fast 1100mV 0C Model Setup 'soc:u_soc|axi_slave_top:crypto_accelerator|axi_slave_core:u_core|ro_puf_core:u_puf|measurement_engine:u_measurement_engine|measurement_controller:u_controller|current_state.ST_MEASURE'
Slack : -1.375
TNS   : -1665.898

Type  : Fast 1100mV 0C Model Hold 'soc:u_soc|axi_slave_top:crypto_accelerator|axi_slave_core:u_core|ro_puf_core:u_puf|measurement_engine:u_measurement_engine|measurement_controller:u_controller|current_state.ST_MEASURE'
Slack : 0.084
TNS   : 0.000

Type  : Fast 1100mV 0C Model Hold 'CLOCK_50'
Slack : 0.120
TNS   : 0.000

Type  : Fast 1100mV 0C Model Recovery 'soc:u_soc|axi_slave_top:crypto_accelerator|axi_slave_core:u_core|ro_puf_core:u_puf|measurement_engine:u_measurement_engine|measurement_controller:u_controller|current_state.ST_MEASURE'
Slack : -1.953
TNS   : -3253.292

Type  : Fast 1100mV 0C Model Removal 'soc:u_soc|axi_slave_top:crypto_accelerator|axi_slave_core:u_core|ro_puf_core:u_puf|measurement_engine:u_measurement_engine|measurement_controller:u_controller|current_state.ST_MEASURE'
Slack : 1.035
TNS   : 0.000

Type  : Fast 1100mV 0C Model Minimum Pulse Width 'soc:u_soc|axi_slave_top:crypto_accelerator|axi_slave_core:u_core|ro_puf_core:u_puf|measurement_engine:u_measurement_engine|measurement_controller:u_controller|current_state.ST_MEASURE'
Slack : -0.208
TNS   : -10.976

Type  : Fast 1100mV 0C Model Minimum Pulse Width 'CLOCK_50'
Slack : -0.087
TNS   : -1343.933

------------------------------------------------------------
